<html>
<body>
<pre>
<h1>礦ision Build Log</h1>
<h2>Tool Versions:</h2>
IDE-Version: μVision V5.12.0.0
Copyright (C) 2014 ARM Ltd and ARM Germany GmbH. All rights reserved.
License Information: 1 wan, Microsoft, LIC=58512-942TU-Q0MNJ-UXMD6-MW3ZP-RY2ZU
 
Tool Versions:
Toolchain:       MDK-ARM Standard  Version: 5.12.0.0
Toolchain Path:  f:\Keil_v5\ARM\ARMCC\Bin
C Compiler:      Armcc.exe V5.05 (build 41)
Assembler:       Armasm.exe V5.05 (build 41)
Linker/Locator:  ArmLink.exe V5.05 (build 41)
Library Manager: ArmAr.exe V5.05 (build 41)
Hex Converter:   FromElf.exe V5.05 (build 41)
CPU DLL:         
Dialog DLL:      
    Target DLL: Segger\JL2CM3.dll
Dialog DLL:      TARMCM1.DLL V1.08.00.0
 
<h2>Project:</h2>
I:\青云nrf52832开发板\5.青云测试代码\2.BLE从机代码\BLE实验1：蓝牙工程样例\examples\ble_peripheral\ble_app_template\pca10028\s130\arm4\ble_app_template_s130_pca10028.uvproj
Project File Date:  03/11/2016

<h2>Output:</h2>
Build target 'nrf51422_xxac_s130'
compiling main.c...
compiling bsp.c...
compiling bsp_btn_ble.c...
assembling arm_startup_nrf51.s...
compiling system_nrf51.c...
compiling ble_advdata.c...
compiling ble_advertising.c...
compiling ble_conn_params.c...
compiling ble_srv_common.c...
compiling device_manager_peripheral.c...
compiling app_uart.c...
compiling nrf_delay.c...
compiling nrf_drv_common.c...
compiling nrf_drv_gpiote.c...
compiling nrf_drv_uart.c...
compiling pstorage.c...
compiling app_button.c...
compiling app_error.c...
compiling app_error_weak.c...
compiling app_timer.c...
compiling app_trace.c...
compiling app_util_platform.c...
compiling fstorage.c...
compiling nrf_assert.c...
compiling nrf_log.c...
compiling retarget.c...
compiling sensorsim.c...
compiling RTT_Syscalls_KEIL.c...
compiling SEGGER_RTT.c...
compiling SEGGER_RTT_printf.c...
compiling softdevice_handler.c...
linking...
Program Size: Code=15792 RO-data=392 RW-data=236 ZI-data=3788  
FromELF: creating hex file...
".\_build\nrf51422_xxac_s130.axf" - 0 Error(s), 0 Warning(s).
