<html>
<body>
<pre>
<h1>礦ision Build Log</h1>
<h2>Tool Versions:</h2>
IDE-Version: μVision V5.24.2.0
Copyright (C) 2017 ARM Ltd and ARM Germany GmbH. All rights reserved.
License Information: liuwei liuwe, liuwei, LIC=0VRHL-0Y64K-KT63H-WF5NE-5NI0G-HGA7N
 
Tool Versions:
Toolchain:       MDK-ARM Professional  Version: 5.24.1
Toolchain Path:  C:\Keil_v5\ARM\ARMCC\Bin
C Compiler:      Armcc.exe V5.06 update 5 (build 528)
Assembler:       Armasm.exe V5.06 update 5 (build 528)
Linker/Locator:  ArmLink.exe V5.06 update 5 (build 528)
Library Manager: ArmAr.exe V5.06 update 5 (build 528)
Hex Converter:   FromElf.exe V5.06 update 5 (build 528)
CPU DLL:         
Dialog DLL:      
Target DLL:      Segger\JL2CM3.dll V2.99.26.0
Dialog DLL:      TCM.DLL V1.32.0.0
 
<h2>Project:</h2>
D:\MYWORK\nRF52 DK\BTLOCK_NRF52\examples\ble_peripheral\ble_app_template\pca10040\s132\arm5_no_packs\ble_app_template_s132_pca10040.uvprojx
Project File Date:  07/31/2017

<h2>Output:</h2>
*** Using Compiler 'V5.06 update 5 (build 528)', folder: 'C:\Keil_v5\ARM\ARMCC\Bin'
Rebuild target 'nrf52832_xxaa_s132'
compiling bsp.c...
compiling ble_srv_common.c...
compiling ble_conn_params.c...
compiling bsp_btn_ble.c...
compiling ble_advertising.c...
compiling ble_advdata.c...
compiling main.c...
..\..\..\main.c(681): warning:  #177-D: variable "err_code"  was declared but never referenced
      uint32_t err_code;
..\..\..\main.c(770): warning:  #111-D: statement is unreachable
      ble_stack_init();//蓝牙协议栈初始化
..\..\..\main.c(562): warning:  #177-D: function "buttons_leds_init"  was declared but never referenced
  static void buttons_leds_init(bool * p_erase_bonds)
..\..\..\main.c(679): warning:  #177-D: function "application_timers_start"  was declared but never referenced
  static void application_timers_start(void)
..\..\..\main.c: 4 warnings, 0 errors
compiling nrf_delay.c...
compiling pstorage.c...
compiling nrf_drv_uart.c...
compiling nrf_drv_common.c...
compiling ble_nus.c...
compiling nrf_drv_gpiote.c...
compiling device_manager_peripheral.c...
compiling app_trace.c...
compiling app_uart_fifo.c...
compiling nrf_drv_timer.c...
compiling app_error_weak.c...
compiling app_util_platform.c...
compiling app_error.c...
compiling app_button.c...
compiling sensorsim.c...
compiling RTT_Syscalls_KEIL.c...
compiling app_timer.c...
compiling SEGGER_RTT_printf.c...
compiling SEGGER_RTT.c...
assembling arm_startup_nrf52.s...
compiling fstorage.c...
compiling system_nrf52.c...
compiling nrf_assert.c...
compiling nrf_log.c...
compiling retarget.c...
compiling app_fifo.c...
compiling softdevice_handler.c...
linking...
Program Size: Code=9776 RO-data=1160 RW-data=76 ZI-data=9004  
FromELF: creating hex file...
".\_build\nrf52832_xxaa_s132.axf" - 0 Error(s), 4 Warning(s).

<h2>Software Packages used:</h2>

Package Vendor: ARM
                http://www.keil.com/pack/ARM.CMSIS.4.5.0.pack
                ARM.CMSIS.4.5.0
                CMSIS (Cortex Microcontroller Software Interface Standard)
   * Component: CORE Version: 4.3.0

Package Vendor: NordicSemiconductor
                http://developer.nordicsemi.com/nRF5_SDK/pieces/nRF_DeviceFamilyPack/NordicSemiconductor.nRF_DeviceFamilyPack.8.5.0.pack
                NordicSemiconductor.nRF_DeviceFamilyPack.8.5.0
                Nordic Semiconductor nRF ARM devices Device Family Pack.
   * Component: Startup Version: 8.5.0

<h2>Collection of Component include folders:</h2>
  .\RTE\_nrf52832_xxaa_s132
  C:\Keil_v5\ARM\PACK\ARM\CMSIS\4.5.0\CMSIS\Include
  C:\Keil_v5\ARM\PACK\NordicSemiconductor\nRF_DeviceFamilyPack\8.5.0\Device\Include

<h2>Collection of Component Files used:</h2>

   * Component: NordicSemiconductor::Device:Startup:8.5.0
      Source file:   Device\Source\arm\arm_startup_nrf52.s
      Source file:   Device\Source\system_nrf52.c
      Include file:  Device\Include\system_nrf52.h

   * Component: ARM::CMSIS:CORE:4.3.0
Build Time Elapsed:  00:00:26
</pre>
</body>
</html>
